Sending message
Sending message
Sending message
Sending message
Sending message
Sending message
Sending message
Sending message
Sending message
Sending message
Sending message
New Connection, nodeId = 3210788257
Changed connections
Received from 3210788257 msg=Hello from node 3210788257
Received from 3210788257 msg=Hello from node 3210788257
Sending message
Received from 3210788257 msg=Hello from node 3210788257
Received from 3210788257 msg=Hello from node 3210788257
Sending message
Received from 3210788257 msg=Hello from node 3210788257
Received from 3210788257 msg=Hello from node 3210788257
Sending message
Received from 3210788257 msg=Hello from node 3210788257
Received from 3210788257 msg=Hello from node 3210788257
Sending message
Received from 3210788257 msg=Hello from node 3210788257
Received from 3210788257 msg=Hello from node 3210788257
Sending message
Received from 3210788257 msg=Hello from node 3210788257
Received from 3210788257 msg=Hello from node 3210788257
Sending message
Received from 3210788257 msg=Hello from node 3210788257
Received from 3210788257 msg=Hello from node 3210788257
Sending message
Received from 3210788257 msg=Hello from node 3210788257
Received from 3210788257 msg=Hello from node 3210788257
Sending message
Received from 3210788257 msg=Hello from node 3210788257
Received from 3210788257 msg=Hello from node 3210788257
Sending message
Received from 3210788257 msg=Hello from node 3210788257
Received from 3210788257 msg=Hello from node 3210788257
Sending message
Received from 3210788257 msg=Hello from node 3210788257
Received from 3210788257 msg=Hello from node 3210788257
Sending message
Received from 3210788257 msg=Hello from node 3210788257
Received from 3210788257 msg=Hello from node 3210788257
Sending message
Received from 3210788257 msg=Hello from node 3210788257
Received from 3210788257 msg=Hello from node 3210788257
Sending message
Received from 3210788257 msg=Hello from node 3210788257
Received from 3210788257 msg=Hello from node 3210788257
Sending message
Sending message
Sending message
Received from 3210788257 msg=Hello from node 3210788257
Received from 3210788257 msg=Hello from node 3210788257
Sending message
Received from 3210788257 msg=Hello from node 3210788257
Received from 3210788257 msg=Hello from node 3210788257
Received from 3210788257 msg=Hello from node 3210788257
Received from 3210788257 msg=Hello from node 3210788257
Received from 3210788257 msg=Hello from node 3210788257
Received from 3210788257 msg=Hello from node 3210788257
Sending message
Sending message
Sending message
Sending message
Sending message
Sending message
Sending message
Sending message
Sending message
Sending message
